PASS Actual teacher bMake creates a waiting room {"uid":"uhost78","started":true,"host":true,"phase":"lobby","t":0,"day":1,"crystal":200,"wolves":0,"room":"HASC","sid":1790508681358,"goal":18,"title":"","end":false,"kit":{"wpn":0,"ammo":0},"me":{"name":"네트워크 선생님","g":0,"uid":"uhost78","hat":0,"gls":0,"clo":0,"skin":0},"players":[],"count":"1명 모였어요","names":"네트워크 선생님1모둠","lobby":true,"story":false,"canStart":true,"pos":{"x":-5.1,"y":73,"z":-153.4},"roomVisible":true,"base":[{"w":70,"s":55,"o":0,"eg":0,"mk":0,"pk":0},{"w":70,"s":55,"o":0,"eg":0,"mk":0,"pk":0},{"w":70,"s":55,"o":0,"eg":0,"mk":0,"pk":0},{"w":70,"s":55,"o":0,"eg":0,"mk":0,"pk":0},{"w":70,"s":55,"o":0,"eg":0,"mk":0,"pk":0}]}
PASS Actual bJoin subscribes and both clients list each other [{"uid":"uhost78","started":true,"host":true,"phase":"lobby","t":0,"day":1,"crystal":200,"wolves":0,"room":"HASC","sid":1790508681358,"goal":18,"title":"","end":false,"kit":{"wpn":0,"ammo":0},"me":{"name":"네트워크 선생님","g":0,"uid":"uhost78","hat":0,"gls":0,"clo":0,"skin":0},"players":[{"uid":"ustudent78","n":"연결 학생","g":0,"hat":0,"gls":0,"clo":0,"skin":0,"x":-5.1,"y":73,"z":-157}],"count":"2명 모였어요","names":"네트워크 선생님1모둠연결 학생1모둠","lobby":true,"story":false,"canStart":true,"pos":{"x":-5.1,"y":73,"z":-153.4},"roomVisible":true,"base":[{"w":70,"s":55,"o":0,"eg":0,"mk":0,"pk":0},{"w":70,"s":55,"o":0,"eg":0,"mk":0,"pk":0},{"w":70,"s":55,"o":0,"eg":0,"mk":0,"pk":0},{"w":70,"s":55,"o":0,"eg":0,"mk":0,"pk":0},{"w":70,"s":55,"o":0,"eg":0,"mk":0,"pk":0}]},{"uid":"ustudent78","started":true,"host":false,"phase":"lobby","t":0,"day":1,"crystal":200,"wolves":0,"room":"HASC","sid":1790508681358,"goal":18,"title":"","end":false,"kit":{"wpn":0,"ammo":0},"me":{"name":"연결 학생","g":0,"uid":"ustudent78","hat":0,"gls":0,"clo":0,"skin":0},"players":[{"uid":"uhost78","n":"네트워크 선생님","g":0,"hat":0,"gls":0,"clo":0,"skin":0,"x":-5.1,"y":73,"z":-153.4}],"count":"2명 모였어요","names":"연결 학생1모둠네트워크 선생님1모둠","lobby":true,"story":false,"canStart":false,"pos":{"x":-5.1,"y":73,"z":-157},"roomVisible":true,"base":[{"w":70,"s":55,"o":0,"eg":0,"mk":0,"pk":0},{"w":70,"s":55,"o":0,"eg":0,"mk":0,"pk":0},{"w":70,"s":55,"o":0,"eg":0,"mk":0,"pk":0},{"w":70,"s":55,"o":0,"eg":0,"mk":0,"pk":0},{"w":70,"s":55,"o":0,"eg":0,"mk":0,"pk":0}]}]
PASS Actual avatar update uses lobby floor so standing remote peers are grounded [[{"uid":"ustudent78","air":false,"y":73,"lobbyFloor":73}],[{"uid":"uhost78","air":false,"y":73,"lobbyFloor":73}]]
PASS Thirty seconds of real loop leave day, countdown, crystal and resources unchanged [{"phase":"lobby","t":0,"day":1,"crystal":200,"wolves":0},{"phase":"lobby","t":0,"day":1,"crystal":200,"wolves":0}]
PASS Actual dressing and team buttons reach host playerChanged and roster {"seen":{"uid":"ustudent78","n":"연결 학생","g":2,"hat":9,"gls":8,"clo":2,"skin":1,"x":-5.1,"y":73,"z":-157},"sent":{"n":"연결 학생","g":2,"x":-5.1,"y":73,"z":-157,"r":0,"m":0,"hp":100,"dn":0,"tc":0,"tt":0,"td":0,"hv":2,"hq":null,"tf":null,"txs":0,"tx":null,"ht":9,"gl":8,"cl":2,"sk":1,"ex":0},"names":"네트워크 선생님1모둠연결 학생3모둠"}
PASS Student cannot start through a hidden button or function invocation {"refused":false,"meta":"lobby"}
PASS onDisconnect removes peer through child_removed and updates waiting roster {"count":"1명 모였어요","players":[],"names":"네트워크 선생님1모둠"}
PASS Rejoining waiting room restores a single peer without stale duplicates ""
PASS Actual teacher goal setting propagates to guest ""
PASS Teacher start publishes intro to both actual meta listeners [{"phase":"intro","t":5,"lobby":false,"story":true,"roomVisible":false},{"phase":"intro","t":5,"lobby":false,"story":true,"roomVisible":false}]
PASS Intro rejects dressing and gameplay movement {"blocked":false,"startPos":{"x":14.80065918451554,"y":9,"z":37.06657850768792},"endPos":{"x":14.80065918451554,"y":9,"z":37.06657850768792}}
PASS Host countdown remains intro before five seconds [{"phase":"intro","t":1},{"phase":"intro","t":1}]
PASS Both story titles use the teacher-selected twelve-day goal ["12일 밤까지 함께 버텨라!","12일 밤까지 함께 버텨라!"]
PASS Host reaches day and guests leave story through actual phase callback [{"phase":"day","t":140,"pos":{"x":4.277622664655325,"y":9,"z":-32.0650381067104},"story":false,"lobby":false},{"phase":"day","t":140,"pos":{"x":16.925975688607814,"y":9,"z":32.87153513911257},"story":false,"lobby":false}]
PASS Actual in-progress bJoin enters the village without replaying lobby or intro {"uid":"ulate78","started":true,"host":false,"phase":"day","t":139,"day":1,"crystal":200,"wolves":0,"room":"HASC","sid":1790508681358,"goal":12,"title":"","end":false,"kit":{"wpn":0,"ammo":0},"me":{"name":"늦게 온 학생","g":0,"uid":"ulate78","hat":0,"gls":0,"clo":0,"skin":0},"players":[{"uid":"uhost78","n":"네트워크 선생님","g":0,"hat":0,"gls":0,"clo":0,"skin":0,"x":4.28,"y":9,"z":-32.07}],"count":"","names":"","lobby":false,"story":false,"canStart":true,"pos":{"x":3.087047267385887,"y":9,"z":-33.01628632858956},"roomVisible":false,"base":[{"w":86,"s":67,"o":0,"eg":0,"mk":0,"pk":0},{"w":86,"s":67,"o":0,"eg":0,"mk":0,"pk":0},{"w":86,"s":67,"o":0,"eg":0,"mk":0,"pk":0},{"w":86,"s":67,"o":0,"eg":0,"mk":0,"pk":0},{"w":86,"s":67,"o":0,"eg":0,"mk":0,"pk":0}]}
PASS Both actual loops open the first victory result [{"phase":"win","end":true,"sid":1790508681358},{"phase":"win","end":true,"sid":1790508681358}]
PASS Host bAgain creates a new session and closes guest result before waiting [{"phase":"lobby","t":0,"end":false,"lobby":true,"roomVisible":true,"sid":1790508691481},{"phase":"lobby","t":0,"end":false,"lobby":true,"roomVisible":true,"sid":1790508691481}]
PASS Restart requires teacher start and displays the new eighteen-day goal [{"phase":"intro","t":1,"title":"18일 밤까지 함께 버텨라!","end":false},{"phase":"intro","t":1,"title":"18일 밤까지 함께 버텨라!","end":false}]
PASS Second five-second story reaches day on both clients ""
PASS Guest endShown resets so the second victory opens its result again [{"phase":"win","end":true,"sid":1790508691481},{"phase":"win","end":true,"sid":1790508691481}]
PASS Minigame reset fixture enters through real host/guest mini callbacks ""
PASS Actual teacher reset leaves minigame and clears saved weapon and ammunition [{"phase":"lobby","t":0,"lobby":true,"kit":{"wpn":0,"ammo":0},"end":false},{"phase":"lobby","t":0,"lobby":true,"kit":{"wpn":0,"ammo":0},"end":false}]
PASS Teacher reset immediately revives zero-HP host and clears damage state {"hp":100,"maxHP":100,"down":false,"downT":0,"biteT":0,"hurtFx":0,"landT":0,"phase":"lobby"}
PASS Same-phase new session keeps guest on lobby floor before any movement repair {"phase":"lobby","sid":1790508691927,"y":73,"x":0,"z":-153.4,"hallY":73,"hallZ":-160,"lobby":true,"roomVisible":true}
PASS Room entry reads real meta and personal checkpoint paths {"reads":8,"delivered":{"value":223,"child_added":20,"child_changed":24,"child_removed":10}}
PASS All subscription event kinds ran actual callbacks {"value":223,"child_added":20,"child_changed":24,"child_removed":10}
PASS No browser runtime error []
27/27 passed
